// Jest Snapshot v1, https://goo.gl/fbAQLP

exports[`#initialize can't be initialized twice for the same request 1`] = `"Authorization mode is already intitialized"`;

exports[`#useRbacForRequest throw error if not initialized for request 1`] = `"Authorization mode is not initialized"`;
